// Jest Snapshot v1, https://goo.gl/fbAQLP

exports[`Storyshots ProgressBar Default 1`] = `
<div
  className="sc-dnqmqq dTRNHy"
>
  <div
    style={
      Object {
        "width": "260px",
      }
    }
  >
    <h3
      className="sc-iwsKbI iNdCbW"
    >
      Smaller
    </h3>
    <div
      className="sc-bdVaJa bDWFJH sc-progressbar"
    >
      <div
        className="sc-EHOje kvGeEx"
      >
        <span
          className="sc-htpNat fxhLow sc-progressbar-topLeftLabel"
        >
          50%
        </span>
        <span
          className="sc-bxivhb gpKyhv sc-progressbar-toprightlabel"
        >
          100GB Total
        </span>
      </div>
      <div
        className="sc-bwzfXH jXfDbS sc-progressbarcontainer"
        size="smaller"
      >
        <div
          className="sc-gzVnrw jgVZRM"
          width={50}
        >
          <div
            className="sc-htoDjs ggKQxE"
          >
            50%
          </div>
        </div>
      </div>
      <div
        className="sc-EHOje sc-bZQynM dgHRVU"
      >
        <span
          className="sc-ifAKCX hXgpMS sc-progressbar-bottomleftlabel"
        >
          50GB Used
        </span>
        <span
          className="sc-ifAKCX hXgpMS sc-progressbar-bottomrightlabel"
        >
          50GB Free
        </span>
      </div>
    </div>
    <h3
      className="sc-iwsKbI iNdCbW"
    >
      Base
    </h3>
    <div
      className="sc-bdVaJa bDWFJH sc-progressbar"
    >
      <div
        className="sc-EHOje kvGeEx"
      >
        <span
          className="sc-htpNat fxhLow sc-progressbar-topLeftLabel"
        >
          Usage
        </span>
        <span
          className="sc-bxivhb gpKyhv sc-progressbar-toprightlabel"
        >
          50%
        </span>
      </div>
      <div
        className="sc-bwzfXH juBJWt sc-progressbarcontainer"
        size="base"
      >
        <div
          className="sc-gzVnrw jgVZRM"
          width={50}
        >
          <div
            className="sc-htoDjs ggKQxE"
          >
            50%
          </div>
        </div>
      </div>
      <div
        className="sc-EHOje sc-bZQynM dgHRVU"
      >
        <span
          className="sc-ifAKCX hXgpMS sc-progressbar-bottomleftlabel"
        >
          5.17TB STORED - 13TB USED
        </span>
        <span
          className="sc-ifAKCX hXgpMS sc-progressbar-bottomrightlabel"
        >
          12.9TB FREE - 25.83TB TOTAL
        </span>
      </div>
    </div>
    <h3
      className="sc-iwsKbI iNdCbW"
    >
      Large with animation
    </h3>
    <div
      className="sc-bdVaJa bDWFJH sc-progressbar"
    >
      <div
        className="sc-EHOje kvGeEx"
      >
        <span
          className="sc-htpNat fxhLow sc-progressbar-topLeftLabel"
        >
          50%
        </span>
        <span
          className="sc-bxivhb gpKyhv sc-progressbar-toprightlabel"
        >
          100GB Total
        </span>
      </div>
      <div
        className="sc-bwzfXH czLbrn sc-progressbarcontainer"
        size="large"
      >
        <div
          className="sc-gzVnrw fNxwnI"
          width={50}
        >
          <div
            className="sc-htoDjs ggKQxE"
          >
            50%
          </div>
        </div>
      </div>
      <div
        className="sc-EHOje sc-bZQynM dgHRVU"
      >
        <span
          className="sc-ifAKCX hXgpMS sc-progressbar-bottomleftlabel"
        >
          50GB Used
        </span>
        <span
          className="sc-ifAKCX hXgpMS sc-progressbar-bottomrightlabel"
        >
          50GB Free
        </span>
      </div>
    </div>
    <h3
      className="sc-iwsKbI iNdCbW"
    >
      Larger
    </h3>
    <div
      className="sc-bdVaJa bDWFJH sc-progressbar"
    >
      <div
        className="sc-EHOje kvGeEx"
      >
        <span
          className="sc-htpNat fxhLow sc-progressbar-topLeftLabel"
        >
          50%
        </span>
        <span
          className="sc-bxivhb gpKyhv sc-progressbar-toprightlabel"
        >
          100GB Total
        </span>
      </div>
      <div
        className="sc-bwzfXH hfVEtd sc-progressbarcontainer"
        size="larger"
      >
        <div
          className="sc-gzVnrw jgVZRM"
          width={50}
        >
          <div
            className="sc-htoDjs ggKQxE"
          >
            50%
          </div>
        </div>
      </div>
      <div
        className="sc-EHOje sc-bZQynM dgHRVU"
      >
        <span
          className="sc-ifAKCX hXgpMS sc-progressbar-bottomleftlabel"
        >
          50GB Used
        </span>
        <span
          className="sc-ifAKCX hXgpMS sc-progressbar-bottomrightlabel"
        >
          50GB Free
        </span>
      </div>
    </div>
    <h3
      className="sc-iwsKbI iNdCbW"
    >
      Different colors
    </h3>
    <div
      className="sc-bdVaJa bDWFJH sc-progressbar"
    >
      <div
        className="sc-EHOje kvGeEx"
      >
        <span
          className="sc-htpNat fxhLow sc-progressbar-topLeftLabel"
        >
          50%
        </span>
        <span
          className="sc-bxivhb gpKyhv sc-progressbar-toprightlabel"
        >
          100GB Total
        </span>
      </div>
      <div
        className="sc-bwzfXH jXfDbS sc-progressbarcontainer"
        size="smaller"
      >
        <div
          className="sc-gzVnrw gGYPDN"
          color="#2f67ac"
          width={50}
        >
          <div
            className="sc-htoDjs ggKQxE"
          >
            50%
          </div>
        </div>
      </div>
      <div
        className="sc-EHOje sc-bZQynM dgHRVU"
      >
        <span
          className="sc-ifAKCX hXgpMS sc-progressbar-bottomleftlabel"
        >
          50GB Used
        </span>
        <span
          className="sc-ifAKCX hXgpMS sc-progressbar-bottomrightlabel"
        >
          50GB Free
        </span>
      </div>
    </div>
    <div
      className="sc-bdVaJa bDWFJH sc-progressbar"
    >
      <div
        className="sc-EHOje kvGeEx"
      >
        <span
          className="sc-htpNat fxhLow sc-progressbar-topLeftLabel"
        >
          10%
        </span>
      </div>
      <div
        className="sc-bwzfXH jXfDbS sc-progressbarcontainer"
        size="smaller"
      >
        <div
          className="sc-gzVnrw fUmQMm"
          color="#ff5722"
          width={10}
        >
          <div
            className="sc-htoDjs ggKQxE"
          >
            10%
          </div>
        </div>
      </div>
    </div>
    <div
      className="sc-bdVaJa bDWFJH sc-progressbar"
    >
      <div
        className="sc-EHOje kvGeEx"
      >
        <span
          className="sc-htpNat fxhLow sc-progressbar-topLeftLabel"
        >
          90% Used
        </span>
        <span
          className="sc-bxivhb gpKyhv sc-progressbar-toprightlabel"
        >
          100GB Total
        </span>
      </div>
      <div
        className="sc-bwzfXH jXfDbS sc-progressbarcontainer"
        size="smaller"
      >
        <div
          className="sc-gzVnrw kVMAsv"
          color="#982803"
          width={90}
        >
          <div
            className="sc-htoDjs ggKQxE"
          >
            90%
          </div>
        </div>
      </div>
    </div>
  </div>
</div>
`;
