// Jest Snapshot v1, https://goo.gl/fbAQLP

exports[`Storyshots Dropdown Default 1`] = `
<div
  className="storybook-dropdown"
>
  <h3>
    Dropdown with text/icon
  </h3>
  <div
    className="sc-dropdown sc-htoDjs dlhJIS"
  >
    <div
      className="trigger sc-gqjmRU fSwfnj"
      onBlur={[Function]}
      onClick={[Function]}
      onFocus={[Function]}
      size="smaller"
      tabIndex="0"
    >
      <span
        className="sc-ifAKCX joVDVz"
        size="smaller"
      >
        <i
          className="fas fa-star"
        />
      </span>
      <span
        className="sc-EHOje boinrg"
      >
        Help
      </span>
      <span
        className="sc-gZMcBi cfFiuj"
      >
        <i
          className="fas fa-caret-down"
        />
      </span>
    </div>
  </div>
  <div
    className="sc-dropdown sc-htoDjs dlhJIS"
  >
    <div
      className="trigger sc-gqjmRU gEdWMM"
      onBlur={[Function]}
      onClick={[Function]}
      onFocus={[Function]}
      size="small"
      tabIndex="0"
    >
      <span
        className="sc-ifAKCX joVDVz"
        size="small"
      >
        <i
          className="fas fa-star"
        />
      </span>
      <span
        className="sc-EHOje boinrg"
      >
        Help
      </span>
      <span
        className="sc-gZMcBi cfFiuj"
      >
        <i
          className="fas fa-caret-down"
        />
      </span>
    </div>
  </div>
  <div
    className="sc-dropdown sc-htoDjs dlhJIS"
  >
    <div
      className="trigger sc-gqjmRU dIxmeY"
      onBlur={[Function]}
      onClick={[Function]}
      onFocus={[Function]}
      size="base"
      tabIndex="0"
    >
      <span
        className="sc-ifAKCX joVDVz"
        size="base"
      >
        <i
          className="fas fa-star"
        />
      </span>
      <span
        className="sc-EHOje boinrg"
      >
        Help
      </span>
      <span
        className="sc-gZMcBi cfFiuj"
      >
        <i
          className="fas fa-caret-down"
        />
      </span>
    </div>
  </div>
  <div
    className="sc-dropdown sc-htoDjs dlhJIS"
  >
    <div
      className="trigger sc-gqjmRU dRdaAk"
      onBlur={[Function]}
      onClick={[Function]}
      onFocus={[Function]}
      size="large"
      tabIndex="0"
    >
      <span
        className="sc-ifAKCX joVDVz"
        size="large"
      >
        <i
          className="fas fa-star"
        />
      </span>
      <span
        className="sc-EHOje boinrg"
      >
        Help
      </span>
      <span
        className="sc-gZMcBi cfFiuj"
      >
        <i
          className="fas fa-caret-down"
        />
      </span>
    </div>
  </div>
  <div
    className="sc-dropdown sc-htoDjs dlhJIS"
  >
    <div
      className="trigger sc-gqjmRU cUGHcq"
      onBlur={[Function]}
      onClick={[Function]}
      onFocus={[Function]}
      size="larger"
      tabIndex="0"
    >
      <span
        className="sc-ifAKCX joVDVz"
        size="larger"
      >
        <i
          className="fas fa-star"
        />
      </span>
      <span
        className="sc-EHOje boinrg"
      >
        Help
      </span>
      <span
        className="sc-gZMcBi cfFiuj"
      >
        <i
          className="fas fa-caret-down"
        />
      </span>
    </div>
  </div>
  <h3>
    Dropdown with icon
  </h3>
  <div
    className="sc-dropdown sc-htoDjs dlhJIS"
  >
    <div
      className="trigger sc-gqjmRU dIxmeY"
      onBlur={[Function]}
      onClick={[Function]}
      onFocus={[Function]}
      size="base"
      tabIndex="0"
    >
      <span
        className="sc-ifAKCX bccMeP"
        size="base"
      >
        <i
          className="fas fa-star"
        />
      </span>
    </div>
  </div>
  <h3>
    Dropdown with text
  </h3>
  <div
    className="sc-dropdown sc-htoDjs dlhJIS"
  >
    <div
      className="trigger sc-gqjmRU dIxmeY"
      onBlur={[Function]}
      onClick={[Function]}
      onFocus={[Function]}
      size="base"
      tabIndex="0"
    >
      <span
        className="sc-EHOje boinrg"
      >
        Help
      </span>
      <span
        className="sc-gZMcBi cfFiuj"
      >
        <i
          className="fas fa-caret-down"
        />
      </span>
    </div>
  </div>
  <h3>
    Dropdown with variant
  </h3>
  <div
    className="sc-dropdown sc-htoDjs dlhJIS"
  >
    <div
      className="trigger sc-gqjmRU dIxmeY"
      onBlur={[Function]}
      onClick={[Function]}
      onFocus={[Function]}
      size="base"
      tabIndex="0"
    >
      <span
        className="sc-ifAKCX joVDVz"
        size="base"
      >
        <i
          className="fas fa-star"
        />
      </span>
      <span
        className="sc-EHOje boinrg"
      >
        primary
      </span>
      <span
        className="sc-gZMcBi cfFiuj"
      >
        <i
          className="fas fa-caret-down"
        />
      </span>
    </div>
  </div>
  <div
    className="sc-dropdown sc-htoDjs dlhJIS"
  >
    <div
      className="trigger sc-gqjmRU ktRLTy"
      onBlur={[Function]}
      onClick={[Function]}
      onFocus={[Function]}
      size="base"
      tabIndex="0"
    >
      <span
        className="sc-ifAKCX joVDVz"
        size="base"
      >
        <i
          className="fas fa-star"
        />
      </span>
      <span
        className="sc-EHOje boinrg"
      >
        secondary
      </span>
      <span
        className="sc-gZMcBi cfFiuj"
      >
        <i
          className="fas fa-caret-down"
        />
      </span>
    </div>
  </div>
  <div
    className="sc-dropdown sc-htoDjs dlhJIS"
  >
    <div
      className="trigger sc-gqjmRU hwLqgO"
      onBlur={[Function]}
      onClick={[Function]}
      onFocus={[Function]}
      size="base"
      tabIndex="0"
    >
      <span
        className="sc-ifAKCX joVDVz"
        size="base"
      >
        <i
          className="fas fa-star"
        />
      </span>
      <span
        className="sc-EHOje boinrg"
      >
        success
      </span>
      <span
        className="sc-gZMcBi cfFiuj"
      >
        <i
          className="fas fa-caret-down"
        />
      </span>
    </div>
  </div>
  <div
    className="sc-dropdown sc-htoDjs dlhJIS"
  >
    <div
      className="trigger sc-gqjmRU bvrgfX"
      onBlur={[Function]}
      onClick={[Function]}
      onFocus={[Function]}
      size="base"
      tabIndex="0"
    >
      <span
        className="sc-ifAKCX joVDVz"
        size="base"
      >
        <i
          className="fas fa-star"
        />
      </span>
      <span
        className="sc-EHOje boinrg"
      >
        info
      </span>
      <span
        className="sc-gZMcBi cfFiuj"
      >
        <i
          className="fas fa-caret-down"
        />
      </span>
    </div>
  </div>
  <div
    className="sc-dropdown sc-htoDjs dlhJIS"
  >
    <div
      className="trigger sc-gqjmRU ifZzDo"
      onBlur={[Function]}
      onClick={[Function]}
      onFocus={[Function]}
      size="base"
      tabIndex="0"
    >
      <span
        className="sc-ifAKCX joVDVz"
        size="base"
      >
        <i
          className="fas fa-star"
        />
      </span>
      <span
        className="sc-EHOje boinrg"
      >
        warning
      </span>
      <span
        className="sc-gZMcBi cfFiuj"
      >
        <i
          className="fas fa-caret-down"
        />
      </span>
    </div>
  </div>
  <div
    className="sc-dropdown sc-htoDjs dlhJIS"
  >
    <div
      className="trigger sc-gqjmRU iTTyXX"
      onBlur={[Function]}
      onClick={[Function]}
      onFocus={[Function]}
      size="base"
      tabIndex="0"
    >
      <span
        className="sc-ifAKCX joVDVz"
        size="base"
      >
        <i
          className="fas fa-star"
        />
      </span>
      <span
        className="sc-EHOje boinrg"
      >
        danger
      </span>
      <span
        className="sc-gZMcBi cfFiuj"
      >
        <i
          className="fas fa-caret-down"
        />
      </span>
    </div>
  </div>
</div>
`;
