// Jest Snapshot v1, https://goo.gl/fbAQLP

exports[`Storyshots AreaChart Default 1`] = `
<div
  className="sc-bwzfXH hyPwIk"
>
  <h3
    className="sc-htpNat kmOyGE"
  >
    Vege-Lite area chart
  </h3>
  <div
    className="sc-bdVaJa bDWFJH sc-vegachart"
    id="vis_area_chart"
  />
</div>
`;
