// Jest Snapshot v1, https://goo.gl/fbAQLP

exports[`Storyshots Banner Default 1`] = `
<div
  className="sc-ifAKCX ugGGx"
>
  <h3
    className="sc-EHOje ftwWfK"
  >
    Error banner 
  </h3>
  <div
    className="sc-bdVaJa bWrxOz sc-banner"
  >
    <i
      className="fas fa-exclamation-triangle"
    />
    <div
      className="sc-bwzfXH kulSxP"
    >
      <div
        className="sc-bxivhb EuiiW"
      >
        Error
      </div>
      <span
        className="sc-htpNat huuJxa"
      >
        There is an error.
      </span>
    </div>
  </div>
  <h3
    className="sc-EHOje ftwWfK"
  >
    Warning banner 
  </h3>
  <div
    className="sc-bdVaJa jmTOYp sc-banner"
  >
    <i
      className="fas fa-exclamation-triangle"
    />
    <div
      className="sc-bwzfXH kulSxP"
    >
      <div
        className="sc-bxivhb EuiiW"
      >
        Warning
      </div>
      <span
        className="sc-htpNat huuJxa"
      >
        There is a warning.
      </span>
    </div>
  </div>
  <h3
    className="sc-EHOje ftwWfK"
  >
    Success banner 
  </h3>
  <div
    className="sc-bdVaJa fUTRqM sc-banner"
  >
    <i
      className="fas fa-check-circle"
    />
    <div
      className="sc-bwzfXH kulSxP"
    >
      <div
        className="sc-bxivhb EuiiW"
      >
        Success
      </div>
      <span
        className="sc-htpNat huuJxa"
      >
        Everything is ok.
      </span>
    </div>
  </div>
</div>
`;
