// Jest Snapshot v1, https://goo.gl/fbAQLP

exports[`Storyshots Toggle Default 1`] = `
<div
  className="sc-bxivhb ejYWWW"
>
  <div
    className="sc-bdVaJa gEyPxw sc-toggle"
  >
    <label
      className="sc-bwzfXH emvvyX"
    >
      <input
        checked={false}
        data-cy="default_toggle"
        name="toggle"
        onChange={[Function]}
        type="checkbox"
      />
      <span
        className="sc-slider"
      />
    </label>
    <span
      className="sc-htpNat htSRdR text"
    >
      Airplane Mode
    </span>
  </div>
  <div
    className="sc-bdVaJa gEyPxw sc-toggle"
  >
    <label
      className="sc-bwzfXH emvvyX"
    >
      <input
        checked={true}
        data-cy="custom_toggle"
        name="toggle"
        onChange={[Function]}
        type="checkbox"
      />
      <span
        className="sc-slider"
      />
    </label>
    <span
      className="sc-htpNat htSRdR text"
    >
      Airplane Mode
    </span>
  </div>
</div>
`;
