// Jest Snapshot v1, https://goo.gl/fbAQLP

exports[`Storyshots Chips Default 1`] = `
<div
  className="sc-gZMcBi jnlvfH storybook-chips"
>
  <h3
    className="sc-gqjmRU cRPCsH"
  >
    Basic Chip
  </h3>
  <div
    className="sc-htoDjs oAfeq sc-chips"
    size="base"
  >
    <span
      className="sc-iwsKbI jVLeHm sc-chips-text"
    >
      Basic Chip
    </span>
  </div>
  <div
    className="sc-htoDjs kwCbVz sc-chips"
    size="base"
  >
    <span
      className="sc-iwsKbI jVLeHm sc-chips-text"
    >
      Basic Chip
    </span>
  </div>
  <div
    className="sc-htoDjs gktCMn sc-chips"
    size="base"
  >
    <span
      className="sc-iwsKbI jVLeHm sc-chips-text"
    >
      Basic Chip
    </span>
  </div>
  <div
    className="sc-htoDjs eqomIC sc-chips"
    size="base"
  >
    <span
      className="sc-iwsKbI jVLeHm sc-chips-text"
    >
      Basic Chip
    </span>
  </div>
  <h3
    className="sc-gqjmRU cRPCsH"
  >
    Clickable Chip
  </h3>
  <div
    className="sc-htoDjs jherpk sc-chips"
    onClick={[Function]}
    size="base"
  >
    <span
      className="sc-dnqmqq fazWgf sc-chips-icon"
      size="base"
    >
      <i
        className="fas fa-star"
      />
    </span>
    <span
      className="sc-iwsKbI jkfBoi sc-chips-text"
    >
      Clickable Chip
    </span>
  </div>
  <div
    className="sc-htoDjs jLYxwU sc-chips"
    onClick={[Function]}
    size="base"
  >
    <span
      className="sc-dnqmqq bMnDSL sc-chips-icon"
      size="base"
    >
      <i
        className="fas fa-star"
      />
    </span>
    <span
      className="sc-iwsKbI jkfBoi sc-chips-text"
    >
      Clickable Chip
    </span>
  </div>
  <div
    className="sc-htoDjs jgKGle sc-chips"
    onClick={[Function]}
    size="base"
  >
    <span
      className="sc-dnqmqq bBckuc sc-chips-icon"
      size="base"
    >
      <i
        className="fas fa-star"
      />
    </span>
    <span
      className="sc-iwsKbI jkfBoi sc-chips-text"
    >
      Clickable Chip
    </span>
  </div>
  <div
    className="sc-htoDjs bWXOiM sc-chips"
    onClick={[Function]}
    size="base"
  >
    <span
      className="sc-dnqmqq gSUsIw sc-chips-icon"
      size="base"
    >
      <i
        className="fas fa-star"
      />
    </span>
    <span
      className="sc-iwsKbI jkfBoi sc-chips-text"
    >
      Clickable Chip
    </span>
  </div>
  <h3
    className="sc-gqjmRU cRPCsH"
  >
    Deletable Chip
  </h3>
  <div
    className="sc-htoDjs oAfeq sc-chips"
    size="base"
  >
    <span
      className="sc-dnqmqq fazWgf sc-chips-icon"
      size="base"
    >
      <i
        className="fas fa-star"
      />
    </span>
    <span
      className="sc-iwsKbI jkfBoi sc-chips-text"
      onRemove={[Function]}
    >
      Deletable
    </span>
    <button
      className="sc-bxivhb ezRGKZ sc-chips-remove"
      disabled={false}
      onClick={[Function]}
      size="base"
      title=""
      type="button"
    >
      <span
        className="sc-bZQynM iMWVsx"
      >
        <span
          className="sc-button-text"
        >
          <span
            className="sc-ifAKCX bccMeP"
            size="base"
          >
            <i
              className="fas fa-times"
            />
          </span>
          <span
            className="sc-EHOje boinrg"
          >
            
          </span>
        </span>
      </span>
    </button>
  </div>
  <div
    className="sc-htoDjs kwCbVz sc-chips"
    size="base"
  >
    <span
      className="sc-dnqmqq bMnDSL sc-chips-icon"
      size="base"
    >
      <i
        className="fas fa-star"
      />
    </span>
    <span
      className="sc-iwsKbI jkfBoi sc-chips-text"
      onRemove={[Function]}
    >
      Deletable
    </span>
    <button
      className="sc-bxivhb ezRGKZ sc-chips-remove"
      disabled={false}
      onClick={[Function]}
      size="base"
      title=""
      type="button"
    >
      <span
        className="sc-bZQynM iMWVsx"
      >
        <span
          className="sc-button-text"
        >
          <span
            className="sc-ifAKCX bccMeP"
            size="base"
          >
            <i
              className="fas fa-times"
            />
          </span>
          <span
            className="sc-EHOje boinrg"
          >
            
          </span>
        </span>
      </span>
    </button>
  </div>
  <div
    className="sc-htoDjs gktCMn sc-chips"
    size="base"
  >
    <span
      className="sc-dnqmqq bBckuc sc-chips-icon"
      size="base"
    >
      <i
        className="fas fa-star"
      />
    </span>
    <span
      className="sc-iwsKbI jkfBoi sc-chips-text"
      onRemove={[Function]}
    >
      Deletable
    </span>
    <button
      className="sc-bxivhb ezRGKZ sc-chips-remove"
      disabled={false}
      onClick={[Function]}
      size="base"
      title=""
      type="button"
    >
      <span
        className="sc-bZQynM iMWVsx"
      >
        <span
          className="sc-button-text"
        >
          <span
            className="sc-ifAKCX bccMeP"
            size="base"
          >
            <i
              className="fas fa-times"
            />
          </span>
          <span
            className="sc-EHOje boinrg"
          >
            
          </span>
        </span>
      </span>
    </button>
  </div>
  <div
    className="sc-htoDjs eqomIC sc-chips"
    size="base"
  >
    <span
      className="sc-dnqmqq gSUsIw sc-chips-icon"
      size="base"
    >
      <i
        className="fas fa-star"
      />
    </span>
    <span
      className="sc-iwsKbI jkfBoi sc-chips-text"
      onRemove={[Function]}
    >
      Deletable
    </span>
    <button
      className="sc-bxivhb ezRGKZ sc-chips-remove"
      disabled={false}
      onClick={[Function]}
      size="base"
      title=""
      type="button"
    >
      <span
        className="sc-bZQynM iMWVsx"
      >
        <span
          className="sc-button-text"
        >
          <span
            className="sc-ifAKCX bccMeP"
            size="base"
          >
            <i
              className="fas fa-times"
            />
          </span>
          <span
            className="sc-EHOje boinrg"
          >
            
          </span>
        </span>
      </span>
    </button>
  </div>
  <h3
    className="sc-gqjmRU cRPCsH"
  >
    Different sizes
  </h3>
  <div
    className="sc-htoDjs bZdUyG sc-chips"
    size="smaller"
  >
    <span
      className="sc-dnqmqq fazWgf sc-chips-icon"
      size="smaller"
    >
      <i
        className="fas fa-star"
      />
    </span>
    <span
      className="sc-iwsKbI jkfBoi sc-chips-text"
      onRemove={[Function]}
    >
      Smaller
    </span>
    <button
      className="sc-bxivhb bHcGzu sc-chips-remove"
      disabled={false}
      onClick={[Function]}
      size="smaller"
      title=""
      type="button"
    >
      <span
        className="sc-bZQynM iMWVsx"
      >
        <span
          className="sc-button-text"
        >
          <span
            className="sc-ifAKCX bccMeP"
            size="smaller"
          >
            <i
              className="fas fa-times"
            />
          </span>
          <span
            className="sc-EHOje boinrg"
          >
            
          </span>
        </span>
      </span>
    </button>
  </div>
  <div
    className="sc-htoDjs hOuyzW sc-chips"
    size="small"
  >
    <span
      className="sc-dnqmqq fazWgf sc-chips-icon"
      size="small"
    >
      <i
        className="fas fa-star"
      />
    </span>
    <span
      className="sc-iwsKbI jkfBoi sc-chips-text"
      onRemove={[Function]}
    >
      Small
    </span>
    <button
      className="sc-bxivhb ljLRny sc-chips-remove"
      disabled={false}
      onClick={[Function]}
      size="small"
      title=""
      type="button"
    >
      <span
        className="sc-bZQynM iMWVsx"
      >
        <span
          className="sc-button-text"
        >
          <span
            className="sc-ifAKCX bccMeP"
            size="small"
          >
            <i
              className="fas fa-times"
            />
          </span>
          <span
            className="sc-EHOje boinrg"
          >
            
          </span>
        </span>
      </span>
    </button>
  </div>
  <div
    className="sc-htoDjs gktCMn sc-chips"
    size="base"
  >
    <span
      className="sc-dnqmqq bBckuc sc-chips-icon"
      size="base"
    >
      <i
        className="fas fa-star"
      />
    </span>
    <span
      className="sc-iwsKbI jkfBoi sc-chips-text"
      onRemove={[Function]}
    >
      Base
    </span>
    <button
      className="sc-bxivhb ezRGKZ sc-chips-remove"
      disabled={false}
      onClick={[Function]}
      size="base"
      title=""
      type="button"
    >
      <span
        className="sc-bZQynM iMWVsx"
      >
        <span
          className="sc-button-text"
        >
          <span
            className="sc-ifAKCX bccMeP"
            size="base"
          >
            <i
              className="fas fa-times"
            />
          </span>
          <span
            className="sc-EHOje boinrg"
          >
            
          </span>
        </span>
      </span>
    </button>
  </div>
  <div
    className="sc-htoDjs eNzVGU sc-chips"
    size="large"
  >
    <span
      className="sc-dnqmqq bMnDSL sc-chips-icon"
      size="large"
    >
      <i
        className="fas fa-star"
      />
    </span>
    <span
      className="sc-iwsKbI jkfBoi sc-chips-text"
      onRemove={[Function]}
    >
      Large
    </span>
    <button
      className="sc-bxivhb bEEwDq sc-chips-remove"
      disabled={false}
      onClick={[Function]}
      size="large"
      title=""
      type="button"
    >
      <span
        className="sc-bZQynM iMWVsx"
      >
        <span
          className="sc-button-text"
        >
          <span
            className="sc-ifAKCX bccMeP"
            size="large"
          >
            <i
              className="fas fa-times"
            />
          </span>
          <span
            className="sc-EHOje boinrg"
          >
            
          </span>
        </span>
      </span>
    </button>
  </div>
  <div
    className="sc-htoDjs beIFWW sc-chips"
    size="larger"
  >
    <span
      className="sc-dnqmqq bBckuc sc-chips-icon"
      size="larger"
    >
      <i
        className="fas fa-star"
      />
    </span>
    <span
      className="sc-iwsKbI jkfBoi sc-chips-text"
      onRemove={[Function]}
    >
      Larger
    </span>
    <button
      className="sc-bxivhb bAnnui sc-chips-remove"
      disabled={false}
      onClick={[Function]}
      size="larger"
      title=""
      type="button"
    >
      <span
        className="sc-bZQynM iMWVsx"
      >
        <span
          className="sc-button-text"
        >
          <span
            className="sc-ifAKCX bccMeP"
            size="larger"
          >
            <i
              className="fas fa-times"
            />
          </span>
          <span
            className="sc-EHOje boinrg"
          >
            
          </span>
        </span>
      </span>
    </button>
  </div>
</div>
`;
