// Jest Snapshot v1, https://goo.gl/fbAQLP

exports[`Storyshots Steppers Default 1`] = `
<div>
  <div
    className="sc-steppers sc-bdVaJa bDWFJH"
  >
    <div
      className="sc-bwzfXH jamqMm"
    >
      <div
        className="sc-htpNat dePyzG"
      >
        <div
          className="sc-bxivhb jxsHiK"
        >
          <span>
            <i
              className="fas fa-check"
            />
          </span>
        </div>
        <hr
          className="sc-bZQynM cZBAaM"
        />
      </div>
      <div
        className="sc-htpNat dePyzG"
      >
        <span
          className="sc-ifAKCX QEthr"
        >
          Node Registerd
        </span>
      </div>
    </div>
    <div
      className="sc-bwzfXH jamqMm"
    >
      <div
        className="sc-htpNat dePyzG"
      >
        <div
          className="sc-bxivhb hlhDUq"
        >
          <span>
            2
          </span>
        </div>
        <hr
          className="sc-bZQynM bRbEco"
        />
      </div>
      <div
        className="sc-htpNat dePyzG"
      >
        <span
          className="sc-ifAKCX QEthr"
        >
          Deploy Salt Minion on node
        </span>
        <div
          className="sc-EHOje iUebre"
        >
          <button
            className="sc-button sc-iwsKbI iZLdlJ"
            disabled={false}
            onClick={[Function]}
            size="small"
            title=""
            type="button"
          >
            <span
              className="sc-VigVT gRqLsd"
            >
              <span
                className="sc-button-text"
              >
                <span
                  className="sc-gqjmRU icJnoE"
                >
                  Apply
                </span>
              </span>
            </span>
          </button>
        </div>
      </div>
    </div>
    <div
      className="sc-bwzfXH jamqMm"
    >
      <div
        className="sc-htpNat dePyzG"
      >
        <div
          className="sc-bxivhb fHWHKJ"
        >
          <span>
            3
          </span>
        </div>
        <hr
          className="sc-bZQynM bRbEco"
        />
      </div>
      <div
        className="sc-htpNat dePyzG"
      >
        <span
          className="sc-ifAKCX QEthr"
        >
          Add node to Workload Plane
        </span>
      </div>
    </div>
    <div
      className="sc-bwzfXH jamqMm"
    >
      <div
        className="sc-htpNat dePyzG"
      >
        <div
          className="sc-bxivhb fHWHKJ"
        >
          <span>
            4
          </span>
        </div>
        <hr
          className="sc-bZQynM bRbEco"
        />
      </div>
      <div
        className="sc-htpNat dePyzG"
      >
        <span
          className="sc-ifAKCX QEthr"
        >
          Add node to Control Plane
        </span>
      </div>
    </div>
    <div
      className="sc-bwzfXH jamqMm"
    >
      <div
        className="sc-htpNat dePyzG"
      >
        <div
          className="sc-bxivhb fHWHKJ"
        >
          <span>
            5
          </span>
        </div>
      </div>
      <div
        className="sc-htpNat dePyzG"
      >
        <span
          className="sc-ifAKCX QEthr"
        >
          Extend etcd cluster to node
        </span>
      </div>
    </div>
  </div>
</div>
`;
