// Jest Snapshot v1, https://goo.gl/fbAQLP

exports[`Storyshots SearchInput Default 1`] = `
<div>
  <h3>
    Default
  </h3>
  <div
    style={
      Object {
        "width": "250px",
      }
    }
  >
    <div
      className="sc-searchinput sc-bZQynM dhJuuP"
    >
      <div
        className="sc-input sc-htpNat utwCv"
      >
        <div
          className="sc-EHOje fpqoIO"
        >
          <input
            name="search"
            onBlur={[Function]}
            onChange={[Function]}
            onKeyDown={[Function]}
            placeholder="Search server..."
            type="text"
            value=""
          />
        </div>
      </div>
      <button
        className="sc-gzVnrw sc-htoDjs fxPEWG"
        disabled={false}
        onClick={[Function]}
      >
        <i
          className="fas fa-search"
        />
      </button>
      <button
        className="sc-gzVnrw sc-dnqmqq PVduJ"
        onClick={[Function]}
      >
        <i
          className="fas fa-times-circle"
        />
      </button>
    </div>
  </div>
  <h3>
    Search Input filled
  </h3>
  <div
    style={
      Object {
        "width": "250px",
      }
    }
  >
    <div
      className="sc-searchinput sc-bZQynM dhJuuP"
    >
      <div
        className="sc-input sc-htpNat utwCv"
      >
        <div
          className="sc-EHOje fpqoIO"
        >
          <input
            name="search"
            onBlur={[Function]}
            onChange={[Function]}
            onKeyDown={[Function]}
            type="text"
            value="carlito"
          />
        </div>
      </div>
      <button
        className="sc-gzVnrw sc-htoDjs fxPEWG"
        disabled={false}
        onClick={[Function]}
      >
        <i
          className="fas fa-search"
        />
      </button>
      <button
        className="sc-gzVnrw sc-dnqmqq PVduJ"
        onClick={[Function]}
      >
        <i
          className="fas fa-times-circle"
        />
      </button>
    </div>
  </div>
</div>
`;
