// Jest Snapshot v1, https://goo.gl/fbAQLP

exports[`Storyshots Modal Default 1`] = `
<div
  className="sc-fjdhpX gmwXQR"
>
  <div
    className="sc-bdVaJa gIywMY sc-modal"
  >
    <div
      className="sc-bwzfXH irNfns sc-modal-content"
    >
      <div
        className="sc-htpNat fPOfap sc-modal-header"
      >
        <span
          className="sc-bxivhb jmnWmC"
        >
          Hello
        </span>
        <div
          className="sc-bZQynM fBBzW"
          onClick={[Function]}
        >
          <i
            className="fas fa-times"
          />
        </div>
      </div>
      <div
        className="sc-ifAKCX ftDzci sc-modal-body"
      >
        <span>
          Do you want a cookie?
        </span>
      </div>
      <div
        className="sc-EHOje eGHiuT sc-modal-footer"
      >
        <div
          style={
            Object {
              "display": "flex",
              "justifyContent": "space-between",
            }
          }
        >
          <button
            className="sc-iwsKbI ZUCvC sc-button"
            disabled={false}
            onClick={[Function]}
            size="small"
            title=""
            type="button"
          >
            <span
              className="sc-VigVT gRqLsd"
            >
              <span
                className="sc-button-text"
              >
                <span
                  className="sc-gqjmRU icJnoE"
                >
                  No
                </span>
              </span>
            </span>
          </button>
          <button
            className="sc-iwsKbI gwopHK sc-button"
            disabled={false}
            onClick={[Function]}
            size="small"
            title=""
            type="button"
          >
            <span
              className="sc-VigVT gRqLsd"
            >
              <span
                className="sc-button-text"
              >
                <span
                  className="sc-gqjmRU icJnoE"
                >
                  Yes
                </span>
              </span>
            </span>
          </button>
        </div>
      </div>
    </div>
  </div>
</div>
`;
